[debug] [2026-03-30T17:37:57.568Z] ----------------------------------------------------------------------
[debug] [2026-03-30T17:37:57.569Z] Command:       /home/lenovo-marcin/.nvm/versions/node/v24.13.0/bin/node /home/lenovo-marcin/.nvm/versions/node/v24.13.0/bin/firebase emulators:start --only functions
[debug] [2026-03-30T17:37:57.570Z] CLI Version:   15.12.0
[debug] [2026-03-30T17:37:57.570Z] Platform:      linux
[debug] [2026-03-30T17:37:57.570Z] Node Version:  v24.13.0
[debug] [2026-03-30T17:37:57.570Z] Time:          Mon Mar 30 2026 19:37:57 GMT+0200 (Central European Summer Time)
[debug] [2026-03-30T17:37:57.570Z] ----------------------------------------------------------------------
[debug] 
[debug] [2026-03-30T17:37:58.279Z] > command requires scopes: ["email","openid","https://www.googleapis.com/auth/cloudplatformprojects.readonly","https://www.googleapis.com/auth/firebase","https://www.googleapis.com/auth/cloud-platform"]
[debug] [2026-03-30T17:37:58.280Z] > authorizing via signed-in user (basisty.marcin@gmail.com)
[info] i  emulators: Starting emulators: functions {"metadata":{"emulator":{"name":"hub"},"message":"Starting emulators: functions"}}
[debug] [2026-03-30T17:37:58.288Z] [logging] Logging Emulator only supports listening on one address (127.0.0.1). Not listening on ::1
[debug] [2026-03-30T17:37:58.288Z] assigned listening specs for emulators {"user":{"hub":[{"address":"127.0.0.1","family":"IPv4","port":4400},{"address":"::1","family":"IPv6","port":4400}],"ui":[{"address":"127.0.0.1","family":"IPv4","port":4000},{"address":"::1","family":"IPv6","port":4000}],"logging":[{"address":"127.0.0.1","family":"IPv4","port":4500}]},"metadata":{"message":"assigned listening specs for emulators"}}
[debug] [2026-03-30T17:37:58.292Z] Write emulator hub locator at /tmp/hub-freequick.json
[debug] [2026-03-30T17:37:58.297Z] [functions] Functions Emulator only supports listening on one address (127.0.0.1). Not listening on ::1
[debug] [2026-03-30T17:37:58.297Z] [eventarc] Eventarc Emulator only supports listening on one address (127.0.0.1). Not listening on ::1
[debug] [2026-03-30T17:37:58.297Z] [tasks] Cloud Tasks Emulator only supports listening on one address (127.0.0.1). Not listening on ::1
[debug] [2026-03-30T17:37:58.297Z] late-assigned ports for functions and eventarc emulators {"user":{"hub":[{"address":"127.0.0.1","family":"IPv4","port":4400},{"address":"::1","family":"IPv6","port":4400}],"ui":[{"address":"127.0.0.1","family":"IPv4","port":4000},{"address":"::1","family":"IPv6","port":4000}],"logging":[{"address":"127.0.0.1","family":"IPv4","port":4500}],"functions":[{"address":"127.0.0.1","family":"IPv4","port":5001}],"eventarc":[{"address":"127.0.0.1","family":"IPv4","port":9299}],"tasks":[{"address":"127.0.0.1","family":"IPv4","port":9499}]},"metadata":{"message":"late-assigned ports for functions and eventarc emulators"}}
[warn] ⚠  functions: The following emulators are not running, calls to these services from the Functions emulator will affect production: apphosting, auth, firestore, database, hosting, pubsub, storage, dataconnect {"metadata":{"emulator":{"name":"functions"},"message":"The following emulators are not running, calls to these services from the Functions emulator will affect production: \u001b[1mapphosting, auth, firestore, database, hosting, pubsub, storage, dataconnect\u001b[22m"}}
[debug] [2026-03-30T17:37:58.314Z] defaultcredentials: writing to file /home/lenovo-marcin/.config/firebase/basisty_marcin_gmail.com_application_default_credentials.json
[debug] [2026-03-30T17:37:58.315Z] Setting GAC to /home/lenovo-marcin/.config/firebase/basisty_marcin_gmail.com_application_default_credentials.json {"metadata":{"emulator":{"name":"functions"},"message":"Setting GAC to /home/lenovo-marcin/.config/firebase/basisty_marcin_gmail.com_application_default_credentials.json"}}
[debug] [2026-03-30T17:37:58.316Z] Checked if tokens are valid: false, expires at: 1774813731666
[debug] [2026-03-30T17:37:58.316Z] Checked if tokens are valid: false, expires at: 1774813731666
[debug] [2026-03-30T17:37:58.316Z] > refreshing access token with scopes: []
[debug] [2026-03-30T17:37:58.318Z] >>> [apiv2][query] POST https://www.googleapis.com/oauth2/v3/token [none]
[debug] [2026-03-30T17:37:58.318Z] >>> [apiv2][body] POST https://www.googleapis.com/oauth2/v3/token [omitted]
[debug] [2026-03-30T17:37:58.475Z] <<< [apiv2][status] POST https://www.googleapis.com/oauth2/v3/token 200
[debug] [2026-03-30T17:37:58.475Z] <<< [apiv2][body] POST https://www.googleapis.com/oauth2/v3/token [omitted]
[debug] [2026-03-30T17:37:58.480Z] >>> [apiv2][query] GET https://firebase.googleapis.com/v1beta1/projects/freequick/adminSdkConfig [none]
[debug] [2026-03-30T17:37:59.101Z] <<< [apiv2][status] GET https://firebase.googleapis.com/v1beta1/projects/freequick/adminSdkConfig 200
[debug] [2026-03-30T17:37:59.102Z] <<< [apiv2][body] GET https://firebase.googleapis.com/v1beta1/projects/freequick/adminSdkConfig {"projectId":"freequick","storageBucket":"freequick.firebasestorage.app"}
[info] i  functions: Watching "/home/lenovo-marcin/Documents/Freequick_Suite/cloud_functions" for Cloud Functions... {"metadata":{"emulator":{"name":"functions"},"message":"Watching \"/home/lenovo-marcin/Documents/Freequick_Suite/cloud_functions\" for Cloud Functions..."}}
[debug] [2026-03-30T17:37:59.116Z] Validating nodejs source
[debug] [2026-03-30T17:38:00.025Z] > [functions] package.json contents: {
  "name": "delivery-platform-functions",
  "version": "1.0.0",
  "scripts": {
    "build": "tsc",
    "deploy": "firebase deploy --only functions",
    "serve": "npm run build && firebase emulators:start --only functions"
  },
  "engines": {
    "node": "24"
  },
  "main": "lib/index.js",
  "dependencies": {
    "axios": "^1.6.0",
    "firebase-admin": "^13.7.0",
    "firebase-functions": "^7.2.2",
    "stripe": "^14.5.0"
  },
  "devDependencies": {
    "@types/node": "^18.0.0",
    "typescript": "^5.2.2"
  }
}
[debug] [2026-03-30T17:38:00.025Z] Building nodejs source
[debug] [2026-03-30T17:38:00.025Z] Failed to find version of module node: reached end of search path /home/lenovo-marcin/Documents/Freequick_Suite/cloud_functions/node_modules
[info] ✔  functions: Using node@24 from host. 
[debug] [2026-03-30T17:38:00.027Z] Could not find functions.yaml. Must use http discovery
[debug] [2026-03-30T17:38:00.030Z] Found firebase-functions binary at '/home/lenovo-marcin/Documents/Freequick_Suite/cloud_functions/node_modules/.bin/firebase-functions'
[info] Serving at port 8370

[debug] [2026-03-30T17:38:00.541Z] Got response from /__/functions.yaml {"endpoints":{"googleMapsAutocomplete":{"availableMemoryMb":null,"timeoutSeconds":null,"minInstances":null,"maxInstances":null,"ingressSettings":null,"concurrency":null,"serviceAccountEmail":null,"vpc":null,"platform":"gcfv2","region":["europe-west1"],"secretEnvironmentVariables":[{"key":"GOOGLE_MAPS_KEY"}],"labels":{},"httpsTrigger":{},"entryPoint":"googleMapsAutocomplete"},"googleMapsDetails":{"availableMemoryMb":null,"timeoutSeconds":null,"minInstances":null,"maxInstances":null,"ingressSettings":null,"concurrency":null,"serviceAccountEmail":null,"vpc":null,"platform":"gcfv2","region":["europe-west1"],"secretEnvironmentVariables":[{"key":"GOOGLE_MAPS_KEY"}],"labels":{},"httpsTrigger":{},"entryPoint":"googleMapsDetails"},"createPaymentIntent":{"availableMemoryMb":null,"timeoutSeconds":null,"minInstances":null,"maxInstances":null,"ingressSettings":null,"concurrency":null,"serviceAccountEmail":null,"vpc":null,"platform":"gcfv2","region":["europe-west1"],"secretEnvironmentVariables":[{"key":"STRIPE_SECRET_KEY"},{"key":"STRIPE_PUBLISHABLE_KEY"}],"labels":{},"callableTrigger":{},"entryPoint":"createPaymentIntent"},"getPaymentMethodType":{"availableMemoryMb":null,"timeoutSeconds":null,"minInstances":null,"maxInstances":null,"ingressSettings":null,"concurrency":null,"serviceAccountEmail":null,"vpc":null,"platform":"gcfv2","region":["europe-west1"],"secretEnvironmentVariables":[{"key":"STRIPE_SECRET_KEY"}],"labels":{},"callableTrigger":{},"entryPoint":"getPaymentMethodType"},"placeOrder":{"availableMemoryMb":null,"timeoutSeconds":null,"minInstances":null,"maxInstances":null,"ingressSettings":null,"concurrency":null,"serviceAccountEmail":null,"vpc":null,"platform":"gcfv2","region":["europe-west1"],"labels":{},"callableTrigger":{},"entryPoint":"placeOrder"},"stripeWebhook":{"availableMemoryMb":null,"timeoutSeconds":null,"minInstances":null,"maxInstances":null,"ingressSettings":null,"concurrency":null,"serviceAccountEmail":null,"vpc":null,"platform":"gcfv2","region":["europe-west1"],"secretEnvironmentVariables":[{"key":"STRIPE_SECRET_KEY"},{"key":"STRIPE_WEBHOOK_SECRET"}],"labels":{},"httpsTrigger":{},"entryPoint":"stripeWebhook"},"onDispatchJobAccepted":{"availableMemoryMb":null,"timeoutSeconds":null,"minInstances":null,"maxInstances":null,"ingressSettings":null,"concurrency":null,"serviceAccountEmail":null,"vpc":null,"platform":"gcfv2","region":["europe-west1"],"labels":{},"eventTrigger":{"eventType":"google.cloud.firestore.document.v1.updated","eventFilters":{"database":"(default)","namespace":"(default)"},"eventFilterPathPatterns":{"document":"dispatch_jobs/{jobId}"},"retry":false},"entryPoint":"onDispatchJobAccepted"},"onOrderStatusChanged":{"availableMemoryMb":null,"timeoutSeconds":null,"minInstances":null,"maxInstances":null,"ingressSettings":null,"concurrency":null,"serviceAccountEmail":null,"vpc":null,"platform":"gcfv2","region":["europe-west1"],"labels":{},"eventTrigger":{"eventType":"google.cloud.firestore.document.v1.updated","eventFilters":{"database":"(default)","namespace":"(default)"},"eventFilterPathPatterns":{"document":"orders/{orderID}"},"retry":false},"entryPoint":"onOrderStatusChanged"},"onRiderLocationUpdate":{"availableMemoryMb":null,"timeoutSeconds":null,"minInstances":null,"maxInstances":null,"ingressSettings":null,"concurrency":null,"serviceAccountEmail":null,"vpc":null,"platform":"gcfv2","region":["europe-west1"],"secretEnvironmentVariables":[{"key":"GOOGLE_MAPS_KEY"}],"labels":{},"eventTrigger":{"eventType":"google.cloud.firestore.document.v1.updated","eventFilters":{"database":"(default)","namespace":"(default)"},"eventFilterPathPatterns":{"document":"riders/{riderUID}"},"retry":false},"entryPoint":"onRiderLocationUpdate"},"saveFcmToken":{"availableMemoryMb":null,"timeoutSeconds":null,"minInstances":null,"maxInstances":null,"ingressSettings":null,"concurrency":null,"serviceAccountEmail":null,"vpc":null,"platform":"gcfv2","region":["europe-west1"],"labels":{},"callableTrigger":{},"entryPoint":"saveFcmToken"}},"specVersion":"v1alpha1","requiredAPIs":[],"extensions":{},"params":[{"type":"secret","name":"STRIPE_SECRET_KEY"},{"type":"secret","name":"STRIPE_PUBLISHABLE_KEY"},{"type":"secret","name":"STRIPE_WEBHOOK_SECRET"},{"type":"secret","name":"GOOGLE_MAPS_KEY"}]}
[info] ✔  functions: Loaded functions definitions from source: googleMapsAutocomplete, googleMapsDetails, createPaymentIntent, getPaymentMethodType, placeOrder, stripeWebhook, onDispatchJobAccepted, onOrderStatusChanged, onRiderLocationUpdate, saveFcmToken. {"metadata":{"emulator":{"name":"functions"},"message":"Loaded functions definitions from source: googleMapsAutocomplete, googleMapsDetails, createPaymentIntent, getPaymentMethodType, placeOrder, stripeWebhook, onDispatchJobAccepted, onOrderStatusChanged, onRiderLocationUpdate, saveFcmToken."}}
[info] ✔  functions[europe-west1-googleMapsAutocomplete]: http function initialized (http://127.0.0.1:5001/freequick/europe-west1/googleMapsAutocomplete). {"metadata":{"emulator":{"name":"functions"},"message":"\u001b[1mhttp\u001b[22m function initialized (http://127.0.0.1:5001/freequick/europe-west1/googleMapsAutocomplete)."}}
[info] ✔  functions[europe-west1-googleMapsDetails]: http function initialized (http://127.0.0.1:5001/freequick/europe-west1/googleMapsDetails). {"metadata":{"emulator":{"name":"functions"},"message":"\u001b[1mhttp\u001b[22m function initialized (http://127.0.0.1:5001/freequick/europe-west1/googleMapsDetails)."}}
[info] ✔  functions[europe-west1-createPaymentIntent]: http function initialized (http://127.0.0.1:5001/freequick/europe-west1/createPaymentIntent). {"metadata":{"emulator":{"name":"functions"},"message":"\u001b[1mhttp\u001b[22m function initialized (http://127.0.0.1:5001/freequick/europe-west1/createPaymentIntent)."}}
[info] ✔  functions[europe-west1-getPaymentMethodType]: http function initialized (http://127.0.0.1:5001/freequick/europe-west1/getPaymentMethodType). {"metadata":{"emulator":{"name":"functions"},"message":"\u001b[1mhttp\u001b[22m function initialized (http://127.0.0.1:5001/freequick/europe-west1/getPaymentMethodType)."}}
[info] ✔  functions[europe-west1-placeOrder]: http function initialized (http://127.0.0.1:5001/freequick/europe-west1/placeOrder). {"metadata":{"emulator":{"name":"functions"},"message":"\u001b[1mhttp\u001b[22m function initialized (http://127.0.0.1:5001/freequick/europe-west1/placeOrder)."}}
[info] ✔  functions[europe-west1-stripeWebhook]: http function initialized (http://127.0.0.1:5001/freequick/europe-west1/stripeWebhook). {"metadata":{"emulator":{"name":"functions"},"message":"\u001b[1mhttp\u001b[22m function initialized (http://127.0.0.1:5001/freequick/europe-west1/stripeWebhook)."}}
[info] i  functions[europe-west1-onDispatchJobAccepted]: function ignored because the firestore emulator does not exist or is not running. {"metadata":{"emulator":{"name":"functions"},"message":"function ignored because the firestore emulator does not exist or is not running."}}
[info] i  functions[europe-west1-onOrderStatusChanged]: function ignored because the firestore emulator does not exist or is not running. {"metadata":{"emulator":{"name":"functions"},"message":"function ignored because the firestore emulator does not exist or is not running."}}
[info] i  functions[europe-west1-onRiderLocationUpdate]: function ignored because the firestore emulator does not exist or is not running. {"metadata":{"emulator":{"name":"functions"},"message":"function ignored because the firestore emulator does not exist or is not running."}}
[info] ✔  functions[europe-west1-saveFcmToken]: http function initialized (http://127.0.0.1:5001/freequick/europe-west1/saveFcmToken). {"metadata":{"emulator":{"name":"functions"},"message":"\u001b[1mhttp\u001b[22m function initialized (http://127.0.0.1:5001/freequick/europe-west1/saveFcmToken)."}}
[debug] [2026-03-30T17:38:04.582Z] Could not find VSCode notification endpoint: FetchError: request to http://localhost:40001/vscode/notify failed, reason: connect ECONNREFUSED 127.0.0.1:40001. If you are not running the Firebase Data Connect VSCode extension, this is expected and not an issue.
[info] 
┌─────────────────────────────────────────────────────────────┐
│ ✔  All emulators ready! It is now safe to connect your app. │
│ i  View Emulator UI at http://127.0.0.1:4000/               │
└─────────────────────────────────────────────────────────────┘

┌───────────┬────────────────┬─────────────────────────────────┐
│ Emulator  │ Host:Port      │ View in Emulator UI             │
├───────────┼────────────────┼─────────────────────────────────┤
│ Functions │ 127.0.0.1:5001 │ http://127.0.0.1:4000/functions │
└───────────┴────────────────┴─────────────────────────────────┘
  Emulator Hub host: 127.0.0.1 port: 4400
  Other reserved ports: 4500

Issues? Report them at https://github.com/firebase/firebase-tools/issues and attach the *-debug.log files.
 
[debug] [2026-03-30T17:57:09.336Z] [work-queue] {"queuedWork":["/freequick/europe-west1/stripeWebhook-2026-03-30T17:57:09.298Z"],"queueLength":1,"runningWork":[],"workRunningCount":0}
[debug] [2026-03-30T17:57:09.367Z] [work-queue] {"queuedWork":[],"queueLength":0,"runningWork":["/freequick/europe-west1/stripeWebhook-2026-03-30T17:57:09.298Z"],"workRunningCount":1}
[debug] [2026-03-30T17:57:09.381Z] Accepted request POST /freequick/europe-west1/stripeWebhook --> europe-west1-stripeWebhook
[debug] [2026-03-30T17:57:09.417Z] [functions] Runtime ready! Sending request! {"metadata":{"emulator":{"name":"functions"},"message":"[functions] Runtime ready! Sending request!"}}
[debug] [2026-03-30T17:57:09.449Z] [functions] Got req.url=/freequick/europe-west1/stripeWebhook, mapping to path=/ {"metadata":{"emulator":{"name":"functions"},"message":"[functions] Got req.url=/freequick/europe-west1/stripeWebhook, mapping to path=/"}}
[info] i  functions: Trying to access secret STRIPE_SECRET_KEY@latest {"metadata":{"emulator":{"name":"functions"},"message":"Trying to access secret STRIPE_SECRET_KEY@latest"}}
[debug] [2026-03-30T17:57:09.553Z] Checked if tokens are valid: true, expires at: 1774895877476
[debug] [2026-03-30T17:57:09.556Z] Checked if tokens are valid: true, expires at: 1774895877476
[info] i  functions: Trying to access secret STRIPE_WEBHOOK_SECRET@latest {"metadata":{"emulator":{"name":"functions"},"message":"Trying to access secret STRIPE_WEBHOOK_SECRET@latest"}}
[debug] [2026-03-30T17:57:09.557Z] Checked if tokens are valid: true, expires at: 1774895877476
[debug] [2026-03-30T17:57:09.558Z] Checked if tokens are valid: true, expires at: 1774895877476
[debug] [2026-03-30T17:57:09.565Z] >>> [apiv2][query] GET https://secretmanager.googleapis.com/v1/projects/freequick/secrets/STRIPE_SECRET_KEY/versions/latest:access [none]
[debug] [2026-03-30T17:57:09.641Z] >>> [apiv2][query] GET https://secretmanager.googleapis.com/v1/projects/freequick/secrets/STRIPE_WEBHOOK_SECRET/versions/latest:access [none]
[debug] [2026-03-30T17:57:10.057Z] <<< [apiv2][status] GET https://secretmanager.googleapis.com/v1/projects/freequick/secrets/STRIPE_SECRET_KEY/versions/latest:access 200
[debug] [2026-03-30T17:57:10.058Z] <<< [apiv2][body] GET https://secretmanager.googleapis.com/v1/projects/freequick/secrets/STRIPE_SECRET_KEY/versions/latest:access {"name":"projects/642517151449/secrets/STRIPE_SECRET_KEY/versions/2","payload":{"data":"c2tfdGVzdF81MVQyWk41UXZuZUtCZ3lWc0xpbVFndU8zS21XM0I0VTV0VFcyQWYxVzhpWVdkdzBPSmtNc0ZPWHFlZGlKT2gzUXdlZnRKaGZReDk3bG9XcDhNR2txVVJuWTAwNTU0eVJwc2g=","dataCrc32c":"1576095692"}}
[debug] [2026-03-30T17:57:10.134Z] <<< [apiv2][status] GET https://secretmanager.googleapis.com/v1/projects/freequick/secrets/STRIPE_WEBHOOK_SECRET/versions/latest:access 200
[debug] [2026-03-30T17:57:10.134Z] <<< [apiv2][body] GET https://secretmanager.googleapis.com/v1/projects/freequick/secrets/STRIPE_WEBHOOK_SECRET/versions/latest:access {"name":"projects/642517151449/secrets/STRIPE_WEBHOOK_SECRET/versions/1","payload":{"data":"d2hzZWNfNzdiZGFiOTIyMmUwMzgzZDg0MTkxNzgxNTA5MGNlZjc2ZWM2YWRjMDhhYTQ4NzQ1M2E1NGU0ODE4NzQ2NTMwNg==","dataCrc32c":"2281760019"}}
[debug] [2026-03-30T17:57:10.289Z] [worker-pool] addWorker(europe-west1-stripeWebhook) {"metadata":{"emulator":{"name":"functions"},"message":"[worker-pool] addWorker(europe-west1-stripeWebhook)"}}
[debug] [2026-03-30T17:57:10.300Z] [worker-pool] Adding worker with key europe-west1-stripeWebhook, total=1 {"metadata":{"emulator":{"name":"functions"},"message":"[worker-pool] Adding worker with key europe-west1-stripeWebhook, total=1"}}
[debug] [2026-03-30T17:57:12.336Z] [runtime-status] [18122] Resolved module firebase-admin {"declared":true,"installed":true,"version":"13.7.0","resolution":"/home/lenovo-marcin/Documents/Freequick_Suite/cloud_functions/node_modules/firebase-admin/lib/index.js"} {"metadata":{"emulator":{"name":"functions"},"function":{"name":"europe-west1-stripeWebhook"},"extension":{},"message":"[runtime-status] [18122] Resolved module firebase-admin {\"declared\":true,\"installed\":true,\"version\":\"13.7.0\",\"resolution\":\"/home/lenovo-marcin/Documents/Freequick_Suite/cloud_functions/node_modules/firebase-admin/lib/index.js\"}"}}
[debug] [2026-03-30T17:57:12.339Z] [runtime-status] [18122] Resolved module firebase-functions {"declared":true,"installed":true,"version":"7.2.2","resolution":"/home/lenovo-marcin/Documents/Freequick_Suite/cloud_functions/node_modules/firebase-functions/lib/v2/index.js"} {"metadata":{"emulator":{"name":"functions"},"function":{"name":"europe-west1-stripeWebhook"},"extension":{},"message":"[runtime-status] [18122] Resolved module firebase-functions {\"declared\":true,\"installed\":true,\"version\":\"7.2.2\",\"resolution\":\"/home/lenovo-marcin/Documents/Freequick_Suite/cloud_functions/node_modules/firebase-functions/lib/v2/index.js\"}"}}
[debug] [2026-03-30T17:57:12.340Z] [runtime-status] [18122] Outgoing network have been stubbed. [{"name":"http","status":"mocked"},{"name":"http","status":"mocked"},{"name":"https","status":"mocked"},{"name":"https","status":"mocked"},{"name":"net","status":"mocked"}] {"metadata":{"emulator":{"name":"functions"},"function":{"name":"europe-west1-stripeWebhook"},"extension":{},"message":"[runtime-status] [18122] Outgoing network have been stubbed. [{\"name\":\"http\",\"status\":\"mocked\"},{\"name\":\"http\",\"status\":\"mocked\"},{\"name\":\"https\",\"status\":\"mocked\"},{\"name\":\"https\",\"status\":\"mocked\"},{\"name\":\"net\",\"status\":\"mocked\"}]"}}
[debug] [2026-03-30T17:57:12.340Z] [runtime-status] [18122] Resolved module firebase-functions {"declared":true,"installed":true,"version":"7.2.2","resolution":"/home/lenovo-marcin/Documents/Freequick_Suite/cloud_functions/node_modules/firebase-functions/lib/v2/index.js"} {"metadata":{"emulator":{"name":"functions"},"function":{"name":"europe-west1-stripeWebhook"},"extension":{},"message":"[runtime-status] [18122] Resolved module firebase-functions {\"declared\":true,\"installed\":true,\"version\":\"7.2.2\",\"resolution\":\"/home/lenovo-marcin/Documents/Freequick_Suite/cloud_functions/node_modules/firebase-functions/lib/v2/index.js\"}"}}
[debug] [2026-03-30T17:57:12.340Z] [runtime-status] [18122] Detected firebase-functions v7+, skipping legacy stubs. {"metadata":{"emulator":{"name":"functions"},"function":{"name":"europe-west1-stripeWebhook"},"extension":{},"message":"[runtime-status] [18122] Detected firebase-functions v7+, skipping legacy stubs."}}
[debug] [2026-03-30T17:57:12.342Z] [runtime-status] [18122] Resolved module firebase-admin {"declared":true,"installed":true,"version":"13.7.0","resolution":"/home/lenovo-marcin/Documents/Freequick_Suite/cloud_functions/node_modules/firebase-admin/lib/index.js"} {"metadata":{"emulator":{"name":"functions"},"function":{"name":"europe-west1-stripeWebhook"},"extension":{},"message":"[runtime-status] [18122] Resolved module firebase-admin {\"declared\":true,\"installed\":true,\"version\":\"13.7.0\",\"resolution\":\"/home/lenovo-marcin/Documents/Freequick_Suite/cloud_functions/node_modules/firebase-admin/lib/index.js\"}"}}
[debug] [2026-03-30T17:57:12.416Z] [runtime-status] [18122] Resolved module firebase-functions {"declared":true,"installed":true,"version":"7.2.2","resolution":"/home/lenovo-marcin/Documents/Freequick_Suite/cloud_functions/node_modules/firebase-functions/lib/v2/index.js"} {"metadata":{"emulator":{"name":"functions"},"function":{"name":"europe-west1-stripeWebhook"},"extension":{},"message":"[runtime-status] [18122] Resolved module firebase-functions {\"declared\":true,\"installed\":true,\"version\":\"7.2.2\",\"resolution\":\"/home/lenovo-marcin/Documents/Freequick_Suite/cloud_functions/node_modules/firebase-functions/lib/v2/index.js\"}"}}
[debug] [2026-03-30T17:57:13.037Z] [runtime-status] [18122] firebase-admin has been stubbed. {"adminResolution":{"declared":true,"installed":true,"version":"13.7.0","resolution":"/home/lenovo-marcin/Documents/Freequick_Suite/cloud_functions/node_modules/firebase-admin/lib/index.js"}} {"metadata":{"emulator":{"name":"functions"},"function":{"name":"europe-west1-stripeWebhook"},"extension":{},"message":"[runtime-status] [18122] firebase-admin has been stubbed. {\"adminResolution\":{\"declared\":true,\"installed\":true,\"version\":\"13.7.0\",\"resolution\":\"/home/lenovo-marcin/Documents/Freequick_Suite/cloud_functions/node_modules/firebase-admin/lib/index.js\"}}"}}
[debug] [2026-03-30T17:57:13.401Z] [runtime-status] [18122] initializeApp(DEFAULT) {"storageBucket":"freequick.firebasestorage.app","projectId":"freequick"} {"metadata":{"emulator":{"name":"functions"},"function":{"name":"europe-west1-stripeWebhook"},"extension":{},"message":"[runtime-status] [18122] initializeApp(DEFAULT) {\"storageBucket\":\"freequick.firebasestorage.app\",\"projectId\":\"freequick\"}"}}
[warn] ⚠  functions: The Cloud Firestore emulator is not running, so calls to Firestore will affect production. {"metadata":{"emulator":{"name":"functions"},"function":{"name":"europe-west1-stripeWebhook"},"extension":{},"message":"The Cloud Firestore emulator is not running, so calls to Firestore will affect production."}}
[debug] [2026-03-30T17:57:13.457Z] [runtime-status] [18122] Functions runtime initialized. {"cwd":"/home/lenovo-marcin/Documents/Freequick_Suite/cloud_functions","node_version":"24.13.0"} {"metadata":{"emulator":{"name":"functions"},"function":{"name":"europe-west1-stripeWebhook"},"extension":{},"message":"[runtime-status] [18122] Functions runtime initialized. {\"cwd\":\"/home/lenovo-marcin/Documents/Freequick_Suite/cloud_functions\",\"node_version\":\"24.13.0\"}"}}
[debug] [2026-03-30T17:57:13.457Z] [runtime-status] [18122] Listening to port: /tmp/fire_emu_3f70ac65a6a489b0.sock {"metadata":{"emulator":{"name":"functions"},"function":{"name":"europe-west1-stripeWebhook"},"extension":{},"message":"[runtime-status] [18122] Listening to port: /tmp/fire_emu_3f70ac65a6a489b0.sock"}}
[debug] [2026-03-30T17:57:13.582Z] [worker-europe-west1-stripeWebhook-dd9786ee-5f67-4d36-a9de-0495db40d170]: IDLE {"metadata":{"emulator":{"name":"functions"},"function":{"name":"europe-west1-stripeWebhook"},"extension":{},"message":"[worker-europe-west1-stripeWebhook-dd9786ee-5f67-4d36-a9de-0495db40d170]: IDLE"}}
[debug] [2026-03-30T17:57:13.585Z] [worker-pool] submitRequest(triggerId=europe-west1-stripeWebhook) {"metadata":{"emulator":{"name":"functions"},"message":"[worker-pool] submitRequest(triggerId=europe-west1-stripeWebhook)"}}
[info] i  functions: Beginning execution of "europe-west1-stripeWebhook" {"metadata":{"emulator":{"name":"functions"},"function":{"name":"europe-west1-stripeWebhook"},"extension":{},"message":"Beginning execution of \"europe-west1-stripeWebhook\""}}
[debug] [2026-03-30T17:57:13.593Z] [worker-europe-west1-stripeWebhook-dd9786ee-5f67-4d36-a9de-0495db40d170]: BUSY {"metadata":{"emulator":{"name":"functions"},"function":{"name":"europe-west1-stripeWebhook"},"extension":{},"message":"[worker-europe-west1-stripeWebhook-dd9786ee-5f67-4d36-a9de-0495db40d170]: BUSY"}}
[debug] [2026-03-30T17:57:13.690Z] Finishing up request with event=pause {"metadata":{"emulator":{"name":"functions"},"function":{"name":"europe-west1-stripeWebhook"},"extension":{},"message":"Finishing up request with event=pause"}}
[info] i  functions: Finished "europe-west1-stripeWebhook" in 101.581967ms {"metadata":{"emulator":{"name":"functions"},"function":{"name":"europe-west1-stripeWebhook"},"extension":{},"message":"Finished \"europe-west1-stripeWebhook\" in 101.581967ms"}}
[debug] [2026-03-30T17:57:13.698Z] [worker-europe-west1-stripeWebhook-dd9786ee-5f67-4d36-a9de-0495db40d170]: IDLE {"metadata":{"emulator":{"name":"functions"},"function":{"name":"europe-west1-stripeWebhook"},"extension":{},"message":"[worker-europe-west1-stripeWebhook-dd9786ee-5f67-4d36-a9de-0495db40d170]: IDLE"}}
[debug] [2026-03-30T17:57:13.699Z] Finishing up request with event=finish {"metadata":{"emulator":{"name":"functions"},"function":{"name":"europe-west1-stripeWebhook"},"extension":{},"message":"Finishing up request with event=finish"}}
[debug] [2026-03-30T17:57:13.702Z] Finishing up request with event=close {"metadata":{"emulator":{"name":"functions"},"function":{"name":"europe-west1-stripeWebhook"},"extension":{},"message":"Finishing up request with event=close"}}
[debug] [2026-03-30T17:57:13.703Z] [work-queue] {"queuedWork":[],"queueLength":0,"runningWork":[],"workRunningCount":0}
[debug] [2026-03-30T17:58:20.423Z] [work-queue] {"queuedWork":["/freequick/europe-west1/stripeWebhook-2026-03-30T17:58:20.423Z"],"queueLength":1,"runningWork":[],"workRunningCount":0}
[debug] [2026-03-30T17:58:20.424Z] [work-queue] {"queuedWork":[],"queueLength":0,"runningWork":["/freequick/europe-west1/stripeWebhook-2026-03-30T17:58:20.423Z"],"workRunningCount":1}
[debug] [2026-03-30T17:58:20.424Z] Accepted request POST /freequick/europe-west1/stripeWebhook --> europe-west1-stripeWebhook
[debug] [2026-03-30T17:58:20.425Z] [functions] Runtime ready! Sending request! {"metadata":{"emulator":{"name":"functions"},"message":"[functions] Runtime ready! Sending request!"}}
[debug] [2026-03-30T17:58:20.425Z] [functions] Got req.url=/freequick/europe-west1/stripeWebhook, mapping to path=/ {"metadata":{"emulator":{"name":"functions"},"message":"[functions] Got req.url=/freequick/europe-west1/stripeWebhook, mapping to path=/"}}
[debug] [2026-03-30T17:58:20.425Z] [worker-pool] submitRequest(triggerId=europe-west1-stripeWebhook) {"metadata":{"emulator":{"name":"functions"},"message":"[worker-pool] submitRequest(triggerId=europe-west1-stripeWebhook)"}}
[info] i  functions: Beginning execution of "europe-west1-stripeWebhook" {"metadata":{"emulator":{"name":"functions"},"function":{"name":"europe-west1-stripeWebhook"},"extension":{},"message":"Beginning execution of \"europe-west1-stripeWebhook\""}}
[debug] [2026-03-30T17:58:20.435Z] [worker-europe-west1-stripeWebhook-dd9786ee-5f67-4d36-a9de-0495db40d170]: BUSY {"metadata":{"emulator":{"name":"functions"},"function":{"name":"europe-west1-stripeWebhook"},"extension":{},"message":"[worker-europe-west1-stripeWebhook-dd9786ee-5f67-4d36-a9de-0495db40d170]: BUSY"}}
[debug] [2026-03-30T17:58:20.458Z] Finishing up request with event=pause {"metadata":{"emulator":{"name":"functions"},"function":{"name":"europe-west1-stripeWebhook"},"extension":{},"message":"Finishing up request with event=pause"}}
[info] i  functions: Finished "europe-west1-stripeWebhook" in 23.084664ms {"metadata":{"emulator":{"name":"functions"},"function":{"name":"europe-west1-stripeWebhook"},"extension":{},"message":"Finished \"europe-west1-stripeWebhook\" in 23.084664ms"}}
[debug] [2026-03-30T17:58:20.459Z] [worker-europe-west1-stripeWebhook-dd9786ee-5f67-4d36-a9de-0495db40d170]: IDLE {"metadata":{"emulator":{"name":"functions"},"function":{"name":"europe-west1-stripeWebhook"},"extension":{},"message":"[worker-europe-west1-stripeWebhook-dd9786ee-5f67-4d36-a9de-0495db40d170]: IDLE"}}
[debug] [2026-03-30T17:58:20.459Z] Finishing up request with event=finish {"metadata":{"emulator":{"name":"functions"},"function":{"name":"europe-west1-stripeWebhook"},"extension":{},"message":"Finishing up request with event=finish"}}
[debug] [2026-03-30T17:58:20.459Z] Finishing up request with event=close {"metadata":{"emulator":{"name":"functions"},"function":{"name":"europe-west1-stripeWebhook"},"extension":{},"message":"Finishing up request with event=close"}}
[debug] [2026-03-30T17:58:20.459Z] [work-queue] {"queuedWork":[],"queueLength":0,"runningWork":[],"workRunningCount":0}
[debug] [2026-03-30T17:58:32.564Z] [work-queue] {"queuedWork":["/freequick/europe-west1/stripeWebhook-2026-03-30T17:58:32.563Z"],"queueLength":1,"runningWork":[],"workRunningCount":0}
[debug] [2026-03-30T17:58:32.564Z] [work-queue] {"queuedWork":[],"queueLength":0,"runningWork":["/freequick/europe-west1/stripeWebhook-2026-03-30T17:58:32.563Z"],"workRunningCount":1}
[debug] [2026-03-30T17:58:32.565Z] Accepted request POST /freequick/europe-west1/stripeWebhook --> europe-west1-stripeWebhook
[debug] [2026-03-30T17:58:32.565Z] [functions] Runtime ready! Sending request! {"metadata":{"emulator":{"name":"functions"},"message":"[functions] Runtime ready! Sending request!"}}
[debug] [2026-03-30T17:58:32.573Z] [functions] Got req.url=/freequick/europe-west1/stripeWebhook, mapping to path=/ {"metadata":{"emulator":{"name":"functions"},"message":"[functions] Got req.url=/freequick/europe-west1/stripeWebhook, mapping to path=/"}}
[debug] [2026-03-30T17:58:32.574Z] [worker-pool] submitRequest(triggerId=europe-west1-stripeWebhook) {"metadata":{"emulator":{"name":"functions"},"message":"[worker-pool] submitRequest(triggerId=europe-west1-stripeWebhook)"}}
[info] i  functions: Beginning execution of "europe-west1-stripeWebhook" {"metadata":{"emulator":{"name":"functions"},"function":{"name":"europe-west1-stripeWebhook"},"extension":{},"message":"Beginning execution of \"europe-west1-stripeWebhook\""}}
[debug] [2026-03-30T17:58:32.585Z] [worker-europe-west1-stripeWebhook-dd9786ee-5f67-4d36-a9de-0495db40d170]: BUSY {"metadata":{"emulator":{"name":"functions"},"function":{"name":"europe-west1-stripeWebhook"},"extension":{},"message":"[worker-europe-west1-stripeWebhook-dd9786ee-5f67-4d36-a9de-0495db40d170]: BUSY"}}
[debug] [2026-03-30T17:58:32.741Z] [work-queue] {"queuedWork":["/freequick/europe-west1/stripeWebhook-2026-03-30T17:58:32.740Z"],"queueLength":1,"runningWork":["/freequick/europe-west1/stripeWebhook-2026-03-30T17:58:32.563Z"],"workRunningCount":1}
[debug] [2026-03-30T17:58:32.742Z] [work-queue] {"queuedWork":[],"queueLength":0,"runningWork":["/freequick/europe-west1/stripeWebhook-2026-03-30T17:58:32.563Z","/freequick/europe-west1/stripeWebhook-2026-03-30T17:58:32.740Z"],"workRunningCount":2}
[debug] [2026-03-30T17:58:32.743Z] Accepted request POST /freequick/europe-west1/stripeWebhook --> europe-west1-stripeWebhook
[debug] [2026-03-30T17:58:32.744Z] [functions] Runtime ready! Sending request! {"metadata":{"emulator":{"name":"functions"},"message":"[functions] Runtime ready! Sending request!"}}
[debug] [2026-03-30T17:58:32.744Z] [functions] Got req.url=/freequick/europe-west1/stripeWebhook, mapping to path=/ {"metadata":{"emulator":{"name":"functions"},"message":"[functions] Got req.url=/freequick/europe-west1/stripeWebhook, mapping to path=/"}}
[info] i  functions: Trying to access secret STRIPE_SECRET_KEY@latest {"metadata":{"emulator":{"name":"functions"},"message":"Trying to access secret STRIPE_SECRET_KEY@latest"}}
[debug] [2026-03-30T17:58:32.748Z] Checked if tokens are valid: true, expires at: 1774895877476
[debug] [2026-03-30T17:58:32.749Z] Checked if tokens are valid: true, expires at: 1774895877476
[info] i  functions: Trying to access secret STRIPE_WEBHOOK_SECRET@latest {"metadata":{"emulator":{"name":"functions"},"message":"Trying to access secret STRIPE_WEBHOOK_SECRET@latest"}}
[debug] [2026-03-30T17:58:32.750Z] Checked if tokens are valid: true, expires at: 1774895877476
[debug] [2026-03-30T17:58:32.750Z] Checked if tokens are valid: true, expires at: 1774895877476
[debug] [2026-03-30T17:58:32.752Z] >>> [apiv2][query] GET https://secretmanager.googleapis.com/v1/projects/freequick/secrets/STRIPE_SECRET_KEY/versions/latest:access [none]
[debug] [2026-03-30T17:58:32.774Z] >>> [apiv2][query] GET https://secretmanager.googleapis.com/v1/projects/freequick/secrets/STRIPE_WEBHOOK_SECRET/versions/latest:access [none]
[debug] [2026-03-30T17:58:33.012Z] <<< [apiv2][status] GET https://secretmanager.googleapis.com/v1/projects/freequick/secrets/STRIPE_SECRET_KEY/versions/latest:access 200
[debug] [2026-03-30T17:58:33.013Z] <<< [apiv2][body] GET https://secretmanager.googleapis.com/v1/projects/freequick/secrets/STRIPE_SECRET_KEY/versions/latest:access {"name":"projects/642517151449/secrets/STRIPE_SECRET_KEY/versions/2","payload":{"data":"c2tfdGVzdF81MVQyWk41UXZuZUtCZ3lWc0xpbVFndU8zS21XM0I0VTV0VFcyQWYxVzhpWVdkdzBPSmtNc0ZPWHFlZGlKT2gzUXdlZnRKaGZReDk3bG9XcDhNR2txVVJuWTAwNTU0eVJwc2g=","dataCrc32c":"1576095692"}}
[debug] [2026-03-30T17:58:33.078Z] <<< [apiv2][status] GET https://secretmanager.googleapis.com/v1/projects/freequick/secrets/STRIPE_WEBHOOK_SECRET/versions/latest:access 200
[debug] [2026-03-30T17:58:33.079Z] <<< [apiv2][body] GET https://secretmanager.googleapis.com/v1/projects/freequick/secrets/STRIPE_WEBHOOK_SECRET/versions/latest:access {"name":"projects/642517151449/secrets/STRIPE_WEBHOOK_SECRET/versions/1","payload":{"data":"d2hzZWNfNzdiZGFiOTIyMmUwMzgzZDg0MTkxNzgxNTA5MGNlZjc2ZWM2YWRjMDhhYTQ4NzQ1M2E1NGU0ODE4NzQ2NTMwNg==","dataCrc32c":"2281760019"}}
[debug] [2026-03-30T17:58:33.100Z] [worker-pool] addWorker(europe-west1-stripeWebhook) {"metadata":{"emulator":{"name":"functions"},"message":"[worker-pool] addWorker(europe-west1-stripeWebhook)"}}
[debug] [2026-03-30T17:58:33.105Z] [worker-pool] Adding worker with key europe-west1-stripeWebhook, total=2 {"metadata":{"emulator":{"name":"functions"},"message":"[worker-pool] Adding worker with key europe-west1-stripeWebhook, total=2"}}
[warn] ⚠  Google API requested!
   - URL: "https://oauth2.googleapis.com/token"
   - Be careful, this may be a production service. {"metadata":{"emulator":{"name":"functions"},"function":{"name":"europe-west1-stripeWebhook"},"extension":{},"message":"Google API requested!\n   - URL: \"https://oauth2.googleapis.com/token\"\n   - Be careful, this may be a production service."}}
[debug] [2026-03-30T17:58:36.145Z] [runtime-status] [18237] Resolved module firebase-admin {"declared":true,"installed":true,"version":"13.7.0","resolution":"/home/lenovo-marcin/Documents/Freequick_Suite/cloud_functions/node_modules/firebase-admin/lib/index.js"} {"metadata":{"emulator":{"name":"functions"},"function":{"name":"europe-west1-stripeWebhook"},"extension":{},"message":"[runtime-status] [18237] Resolved module firebase-admin {\"declared\":true,\"installed\":true,\"version\":\"13.7.0\",\"resolution\":\"/home/lenovo-marcin/Documents/Freequick_Suite/cloud_functions/node_modules/firebase-admin/lib/index.js\"}"}}
[debug] [2026-03-30T17:58:36.153Z] [runtime-status] [18237] Resolved module firebase-functions {"declared":true,"installed":true,"version":"7.2.2","resolution":"/home/lenovo-marcin/Documents/Freequick_Suite/cloud_functions/node_modules/firebase-functions/lib/v2/index.js"} {"metadata":{"emulator":{"name":"functions"},"function":{"name":"europe-west1-stripeWebhook"},"extension":{},"message":"[runtime-status] [18237] Resolved module firebase-functions {\"declared\":true,\"installed\":true,\"version\":\"7.2.2\",\"resolution\":\"/home/lenovo-marcin/Documents/Freequick_Suite/cloud_functions/node_modules/firebase-functions/lib/v2/index.js\"}"}}
[debug] [2026-03-30T17:58:36.154Z] [runtime-status] [18237] Outgoing network have been stubbed. [{"name":"http","status":"mocked"},{"name":"http","status":"mocked"},{"name":"https","status":"mocked"},{"name":"https","status":"mocked"},{"name":"net","status":"mocked"}] {"metadata":{"emulator":{"name":"functions"},"function":{"name":"europe-west1-stripeWebhook"},"extension":{},"message":"[runtime-status] [18237] Outgoing network have been stubbed. [{\"name\":\"http\",\"status\":\"mocked\"},{\"name\":\"http\",\"status\":\"mocked\"},{\"name\":\"https\",\"status\":\"mocked\"},{\"name\":\"https\",\"status\":\"mocked\"},{\"name\":\"net\",\"status\":\"mocked\"}]"}}
[debug] [2026-03-30T17:58:36.155Z] [runtime-status] [18237] Resolved module firebase-functions {"declared":true,"installed":true,"version":"7.2.2","resolution":"/home/lenovo-marcin/Documents/Freequick_Suite/cloud_functions/node_modules/firebase-functions/lib/v2/index.js"} {"metadata":{"emulator":{"name":"functions"},"function":{"name":"europe-west1-stripeWebhook"},"extension":{},"message":"[runtime-status] [18237] Resolved module firebase-functions {\"declared\":true,\"installed\":true,\"version\":\"7.2.2\",\"resolution\":\"/home/lenovo-marcin/Documents/Freequick_Suite/cloud_functions/node_modules/firebase-functions/lib/v2/index.js\"}"}}
[debug] [2026-03-30T17:58:36.155Z] [runtime-status] [18237] Detected firebase-functions v7+, skipping legacy stubs. {"metadata":{"emulator":{"name":"functions"},"function":{"name":"europe-west1-stripeWebhook"},"extension":{},"message":"[runtime-status] [18237] Detected firebase-functions v7+, skipping legacy stubs."}}
[debug] [2026-03-30T17:58:36.155Z] [runtime-status] [18237] Resolved module firebase-admin {"declared":true,"installed":true,"version":"13.7.0","resolution":"/home/lenovo-marcin/Documents/Freequick_Suite/cloud_functions/node_modules/firebase-admin/lib/index.js"} {"metadata":{"emulator":{"name":"functions"},"function":{"name":"europe-west1-stripeWebhook"},"extension":{},"message":"[runtime-status] [18237] Resolved module firebase-admin {\"declared\":true,\"installed\":true,\"version\":\"13.7.0\",\"resolution\":\"/home/lenovo-marcin/Documents/Freequick_Suite/cloud_functions/node_modules/firebase-admin/lib/index.js\"}"}}
[debug] [2026-03-30T17:58:36.235Z] [runtime-status] [18237] Resolved module firebase-functions {"declared":true,"installed":true,"version":"7.2.2","resolution":"/home/lenovo-marcin/Documents/Freequick_Suite/cloud_functions/node_modules/firebase-functions/lib/v2/index.js"} {"metadata":{"emulator":{"name":"functions"},"function":{"name":"europe-west1-stripeWebhook"},"extension":{},"message":"[runtime-status] [18237] Resolved module firebase-functions {\"declared\":true,\"installed\":true,\"version\":\"7.2.2\",\"resolution\":\"/home/lenovo-marcin/Documents/Freequick_Suite/cloud_functions/node_modules/firebase-functions/lib/v2/index.js\"}"}}
[debug] [2026-03-30T17:58:37.421Z] [runtime-status] [18237] firebase-admin has been stubbed. {"adminResolution":{"declared":true,"installed":true,"version":"13.7.0","resolution":"/home/lenovo-marcin/Documents/Freequick_Suite/cloud_functions/node_modules/firebase-admin/lib/index.js"}} {"metadata":{"emulator":{"name":"functions"},"function":{"name":"europe-west1-stripeWebhook"},"extension":{},"message":"[runtime-status] [18237] firebase-admin has been stubbed. {\"adminResolution\":{\"declared\":true,\"installed\":true,\"version\":\"13.7.0\",\"resolution\":\"/home/lenovo-marcin/Documents/Freequick_Suite/cloud_functions/node_modules/firebase-admin/lib/index.js\"}}"}}
[debug] [2026-03-30T17:58:37.847Z] [runtime-status] [18237] initializeApp(DEFAULT) {"storageBucket":"freequick.firebasestorage.app","projectId":"freequick"} {"metadata":{"emulator":{"name":"functions"},"function":{"name":"europe-west1-stripeWebhook"},"extension":{},"message":"[runtime-status] [18237] initializeApp(DEFAULT) {\"storageBucket\":\"freequick.firebasestorage.app\",\"projectId\":\"freequick\"}"}}
[debug] [2026-03-30T17:58:37.868Z] [runtime-status] [18237] Functions runtime initialized. {"cwd":"/home/lenovo-marcin/Documents/Freequick_Suite/cloud_functions","node_version":"24.13.0"} {"metadata":{"emulator":{"name":"functions"},"function":{"name":"europe-west1-stripeWebhook"},"extension":{},"message":"[runtime-status] [18237] Functions runtime initialized. {\"cwd\":\"/home/lenovo-marcin/Documents/Freequick_Suite/cloud_functions\",\"node_version\":\"24.13.0\"}"}}
[debug] [2026-03-30T17:58:37.869Z] [runtime-status] [18237] Listening to port: /tmp/fire_emu_7cc6c8e6d15d86a2.sock {"metadata":{"emulator":{"name":"functions"},"function":{"name":"europe-west1-stripeWebhook"},"extension":{},"message":"[runtime-status] [18237] Listening to port: /tmp/fire_emu_7cc6c8e6d15d86a2.sock"}}
[debug] [2026-03-30T17:58:37.996Z] [worker-europe-west1-stripeWebhook-05c8e743-5c79-4425-afa1-e5cf9269d5a4]: IDLE {"metadata":{"emulator":{"name":"functions"},"function":{"name":"europe-west1-stripeWebhook"},"extension":{},"message":"[worker-europe-west1-stripeWebhook-05c8e743-5c79-4425-afa1-e5cf9269d5a4]: IDLE"}}
[debug] [2026-03-30T17:58:38.002Z] [worker-pool] submitRequest(triggerId=europe-west1-stripeWebhook) {"metadata":{"emulator":{"name":"functions"},"message":"[worker-pool] submitRequest(triggerId=europe-west1-stripeWebhook)"}}
[info] i  functions: Beginning execution of "europe-west1-stripeWebhook" {"metadata":{"emulator":{"name":"functions"},"function":{"name":"europe-west1-stripeWebhook"},"extension":{},"message":"Beginning execution of \"europe-west1-stripeWebhook\""}}
[debug] [2026-03-30T17:58:38.007Z] [worker-europe-west1-stripeWebhook-05c8e743-5c79-4425-afa1-e5cf9269d5a4]: BUSY {"metadata":{"emulator":{"name":"functions"},"function":{"name":"europe-west1-stripeWebhook"},"extension":{},"message":"[worker-europe-west1-stripeWebhook-05c8e743-5c79-4425-afa1-e5cf9269d5a4]: BUSY"}}
[debug] [2026-03-30T17:58:38.116Z] Finishing up request with event=pause {"metadata":{"emulator":{"name":"functions"},"function":{"name":"europe-west1-stripeWebhook"},"extension":{},"message":"Finishing up request with event=pause"}}
[info] i  functions: Finished "europe-west1-stripeWebhook" in 117.149469ms {"metadata":{"emulator":{"name":"functions"},"function":{"name":"europe-west1-stripeWebhook"},"extension":{},"message":"Finished \"europe-west1-stripeWebhook\" in 117.149469ms"}}
[debug] [2026-03-30T17:58:38.126Z] [worker-europe-west1-stripeWebhook-05c8e743-5c79-4425-afa1-e5cf9269d5a4]: IDLE {"metadata":{"emulator":{"name":"functions"},"function":{"name":"europe-west1-stripeWebhook"},"extension":{},"message":"[worker-europe-west1-stripeWebhook-05c8e743-5c79-4425-afa1-e5cf9269d5a4]: IDLE"}}
[debug] [2026-03-30T17:58:38.126Z] Finishing up request with event=finish {"metadata":{"emulator":{"name":"functions"},"function":{"name":"europe-west1-stripeWebhook"},"extension":{},"message":"Finishing up request with event=finish"}}
[debug] [2026-03-30T17:58:38.126Z] Finishing up request with event=close {"metadata":{"emulator":{"name":"functions"},"function":{"name":"europe-west1-stripeWebhook"},"extension":{},"message":"Finishing up request with event=close"}}
[debug] [2026-03-30T17:58:38.127Z] [work-queue] {"queuedWork":[],"queueLength":0,"runningWork":["/freequick/europe-west1/stripeWebhook-2026-03-30T17:58:32.563Z"],"workRunningCount":1}
[debug] [2026-03-30T17:58:38.187Z] Finishing up request with event=pause {"metadata":{"emulator":{"name":"functions"},"function":{"name":"europe-west1-stripeWebhook"},"extension":{},"message":"Finishing up request with event=pause"}}
[info] i  functions: Finished "europe-west1-stripeWebhook" in 5606.860722ms {"metadata":{"emulator":{"name":"functions"},"function":{"name":"europe-west1-stripeWebhook"},"extension":{},"message":"Finished \"europe-west1-stripeWebhook\" in 5606.860722ms"}}
[debug] [2026-03-30T17:58:38.197Z] [worker-europe-west1-stripeWebhook-dd9786ee-5f67-4d36-a9de-0495db40d170]: IDLE {"metadata":{"emulator":{"name":"functions"},"function":{"name":"europe-west1-stripeWebhook"},"extension":{},"message":"[worker-europe-west1-stripeWebhook-dd9786ee-5f67-4d36-a9de-0495db40d170]: IDLE"}}
[debug] [2026-03-30T17:58:38.197Z] Finishing up request with event=finish {"metadata":{"emulator":{"name":"functions"},"function":{"name":"europe-west1-stripeWebhook"},"extension":{},"message":"Finishing up request with event=finish"}}
[debug] [2026-03-30T17:58:38.198Z] Finishing up request with event=close {"metadata":{"emulator":{"name":"functions"},"function":{"name":"europe-west1-stripeWebhook"},"extension":{},"message":"Finishing up request with event=close"}}
[debug] [2026-03-30T17:58:38.198Z] [work-queue] {"queuedWork":[],"queueLength":0,"runningWork":[],"workRunningCount":0}
[debug] [2026-03-30T18:35:16.971Z] Received signal SIGHUP 1
